RLU8 Object Linker, Ver.1.51.2 Linkage Information
[Mon Aug 04 14:37:20 2014]


                         ------------------
                          Control Synopsis
                         ------------------

I/O controls:    D  SD NS NA
Other controls: CC STACK( 0100H(256) )
                COMB( $$content_of_init $$end_of_init )
                COMB( $$init_info $$init_info_end )



                        ------------------------
                         Object Module Synopsis
                        ------------------------
                                                                Creator
Module Name           File Name                                 CCU8     RASU8
-----------           ---------                                 -----    -----
i2c                   _output\_obj\i2c.obj                      3.41     1.61
irq                   _output\_obj\irq.obj                      3.41     1.61
main                  _output\_obj\main.obj                     3.41     1.61
ml610112              _output\_obj\ml610112.obj                 -.--     1.61
tbc                   _output\_obj\tbc.obj                      3.41     1.61
timer                 _output\_obj\timer.obj                    3.41     1.61
uart                  _output\_obj\uart.obj                     3.41     1.61
ULDIVSW               C:\PROGRA~2\U8Dev\Lib\longu8.lib          -.--     1.04
DIV32SW               C:\PROGRA~2\U8Dev\Lib\longu8.lib          -.--     1.04
UIDIVSW               C:\PROGRA~2\U8Dev\Lib\longu8.lib          -.--     1.04
CIDIMOSW              C:\PROGRA~2\U8Dev\Lib\longu8.lib          -.--     1.04


Number of Modules: 11

Number of Symbols:
 +---------------------------------------------------------------------------+
 |          | CODE | DATA | BIT  |NVDATA|NVBIT |TABLE |NUMBER| TBIT || total |
 |----------+------+------+------+------+------+------+------+------++-------|
 | SEGMENT  |    89|     4|     0|     0|     0|     6|      |      ||     99|
 |----------+------+------+------+------+------+------+------+------++-------|
 | COMMUNAL |     0|     2|     0|     0|     0|     0|      |      ||      2|
 |----------+------+------+------+------+------+------+------+------++-------|
 | PUBLIC   |    43|     0|     0|     0|     0|     0|     0|     0||     43|
 +---------------------------------------------------------------------------+

Target:  ML610112 
Model:   SMALL


Memory Map - Program memory space #0:
      Type     Start      Stop
     -----------------------------
      ROM      00:0000    00:7FFF

Memory Map - Data memory space #0:
      Type     Start      Stop
     -----------------------------
      RAM      00:E000    00:FFFF

Memory Map - Memory space above #1:
      Type     Start      Stop
     -----------------------------
      ROM      02:0000    02:0FFF
      ROM      08:0000    08:7FFF
      ROM      0A:0000    0A:0FFF

                         ------------------
                          Segment Synopsis
                         ------------------

Link Map - Program memory space #0 ( ROMWINDOW: 0000 - 7FFF )

      Type     Start      Stop       Size              Name
     -------------------------------------------------------
      S CODE   00:0000    00:0001    0002(2)           (absolute)
      S CODE   00:0002    00:0003    0002(2)           (absolute)
      S CODE   00:0004    00:0005    0002(2)           (absolute)
      S CODE   00:0006    00:0007    0002(2)           $$_intUndefHdr$irq
      S CODE   00:0008    00:0009    0002(2)           (absolute)
      S CODE   00:000A    00:000A    0000(0)           $$content_of_init
      S CODE   00:000A    00:000B    0002(2)           $$end_of_init
      S CODE   00:000C    00:0077    006C(108)         (absolute)
      S TABLE  00:0078    00:00A1    002A(42)          $$NINITTAB
      S TABLE  00:00A2    00:00A9    0008(8)           $$init_info
      S TABLE  00:00AA    00:00AB    0002(2)           $$init_info_end
      S CODE   00:00AC    00:00C7    001C(28)          $$_intT16HINT$irq
      S CODE   00:00C8    00:00E3    001C(28)          $$_intPB0INT$irq
      S CODE   00:00E4    00:00FF    001C(28)          $$_intPB1INT$irq
      S CODE   00:0100    00:011B    001C(28)          $$_intPA0INT$irq
      S CODE   00:011C    00:0137    001C(28)          $$_intPA1INT$irq
      S CODE   00:0138    00:0153    001C(28)          $$_intCMP1INT$irq
      S CODE   00:0154    00:015B    0008(8)           $$main_reqNotHalt$main
      S CODE   00:015C    00:0177    001C(28)          $$_intCMP0INT$irq
      S CODE   00:0178    00:0193    001C(28)          $$_intTM8INT$irq
      S CODE   00:0194    00:01AF    001C(28)          $$_intTM9INT$irq
      S CODE   00:01B0    00:01CB    001C(28)          $$_intTMEINT$irq
      S CODE   00:01CC    00:01E3    0018(24)          $$NOP1000$main
      S CODE   00:01E4    00:01FF    001C(28)          $$_intTMAINT$irq
      S CODE   00:0200    00:0263    0064(100)         $$PortD_Low$main
      S CODE   00:0264    00:027F    001C(28)          $$_intUA0INT$irq
      S CODE   00:0280    00:029B    001C(28)          $$_intUA1INT$irq
      S CODE   00:029C    00:02AF    0014(20)          $$main_clrWDT$main
      S CODE   00:02B0    00:02E1    0032(50)          $$irq_setHdr$irq
      S CODE   00:02E2    00:02E5    0004(4)           $$irq_di$irq
      S CODE   00:02E6    00:02E9    0004(4)           $$irq_ei$irq
      S CODE   00:02EA    00:0305    001C(28)          $$_intT2HINT$irq
      S CODE   00:0306    00:0307    0002(2)           $$_intNullHdr$irq
      S CODE   00:0308    00:0319    0012(18)          $$_funcI2CFin$main
      S CODE   00:031A    00:03DD    00C4(196)         $$PortB_Low$main
      S CODE   00:03DE    00:0503    0126(294)         $$i2c_init$i2c
      S CODE   00:0504    00:051F    001C(28)          $$_intPWDINT$irq
      S CODE   00:0520    00:053B    001C(28)          $$_intPWEINT$irq
      S CODE   00:053C    00:0557    001C(28)          $$_intPWFINT$irq
      S CODE   00:0558    00:05A3    004C(76)          $$PortA_Low$main
      S CODE   00:05A4    00:05BF    001C(28)          $$_intPWCINT$irq
      S CODE   00:05C0    00:05ED    002E(46)          $$i2c_stop$i2c
      S CODE   00:05EE    00:05F7    000A(10)          $$_branchHdr$irq
      S CODE   00:05F8    00:061D    0026(38)          $$main$main
      S CODE   00:061E    00:0677    005A(90)          $$irq_init$irq
      S CODE   00:0678    00:073B    00C4(196)         $$PortC_Low$main
      S CODE   00:073C    00:077B    0040(64)          $$cidimou8sw
      S CODE   00:077C    00:0893    0118(280)         $$Initialization$main
      S CODE   00:0894    00:089F    000C(12)          $$uidivu8sw
      S CODE   00:08A0    00:08AB    000C(12)          $$_intI2c$main
      S CODE   00:08AC    00:0B0D    0262(610)         $$i2c_continue$i2c
      S CODE   00:0B0E    00:0B29    001C(28)          $$_intPB2INT$irq
      S CODE   00:0B2A    00:0B45    001C(28)          $$_intPB3INT$irq
      S CODE   00:0B46    00:0B61    001C(28)          $$_intPA2INT$irq
      S CODE   00:0B62    00:0B7D    001C(28)          $$_intT32HINT$irq
      S CODE   00:0B7E    00:0B99    001C(28)          $$_intVLSINT$irq
      S CODE   00:0B9A    00:0BB9    0020(32)          $$SetOSC$main
      S CODE   00:0BBA    00:0BEF    0036(54)          $$IRLED_PWM$main
      S CODE   00:0BF0    00:0C0B    001C(28)          $$_intSADINT$irq
      S CODE   00:0C0C    00:0C27    001C(28)          $$_intT128HINT$irq
      S CODE   00:0C28    00:0C41    001A(26)          $$_intWDTINT$irq
      S CODE   00:0C42    00:0C5D    001C(28)          $$_intTMFINT$irq
      S CODE   00:0C5E    00:0C79    001C(28)          $$_intTMBINT$irq
      S CODE   00:0C7A    00:0C95    001C(28)          $$_intI2CSINT$irq
      S CODE   00:0C96    00:0CB1    001C(28)          $$_intSIO0INT$irq
      S CODE   00:0CB2    00:0CCD    001C(28)          $$_intI2CMINT$irq
      S CODE   00:0CCE    00:0D5D    0090(144)         $$NCODml610112sw
      S CODE   00:0D5E    00:0DD3    0076(118)         $$i2c_startSend$i2c
>GAP<          00:0DD4    00:7FDF    720C(29196)       (ROM)
      S CODE   00:7FE0    00:7FFF    0020(32)          (absolute)


Link Map - Data memory space #0

      Type     Start      Stop       Size              Name
     -------------------------------------------------------
      Q ROMWIN 00:0000    00:7FFF    8000(32768)       (ROMWIN)
>GAP<          00:E000.0  00:EE93.7  0E94.0(3732.0)    (RAM)
      S DATA   00:EE94    00:EF93    0100(256)         $STACK
      S DATA   00:EF94    00:EF94    0001(1)           $$NVARuart
>GAP<          00:EF95.0  00:EF95.7  0001.0(1.0)       (RAM)
      S DATA   00:EF96    00:EFD3    003E(62)          $$NVARirq
      S DATA   00:EFD4    00:EFFD    002A(42)          $$NINITVAR
      C DATA   00:EFFE    00:EFFE    0001(1)           __reqNotHalt
      C DATA   00:EFFF    00:EFFF    0001(1)           __flgI2CFin
      Q SFR    00:F000    00:FFFF    1000(4096)        (SFR)


Link Map - Memory space above #1

      Type     Start      Stop       Size              Name
     -------------------------------------------------------
 ---
      S TABLE  02:0000    02:0FFF    1000(4096)        (absolute)
 ---
      S TABLE  08:0000    08:7FFF    8000(32768)       (absolute)
 ---
      S TABLE  0A:0000    0A:0FFF    1000(4096)        (absolute)


Not Linked segments:

      Module Name         Type       Size              Segment Name 
     --------------------------------------------------------------
      i2c
                          CODE       0006(6)           $$i2c_getTransSize$i2c
                          CODE       0084(132)         $$i2c_startReceive$i2c
                          CODE       0012(18)          $$i2c_checkIRQ$i2c
                          CODE       0006(6)           $$i2c_clearIRQ$i2c
     --------------------------------------------------------------
      main
                          CODE       000E(14)          $$checkI2C$main
                          CODE       001A(26)          $$analog_comparator$main
                          CODE       0040(64)          $$PortA_Digital_Inputs$main
     --------------------------------------------------------------
      timer
                          CODE       0038(56)          $$tm_init$timer
     --------------------------------------------------------------
      uart
                          CODE       002A(42)          $$uart_PortSet$uart
                          CODE       00F8(248)         $$uart_continue$uart
                          CODE       0006(6)           $$uart_clearIRQ$uart
                          CODE       0012(18)          $$uart_checkIRQ$uart
                          CODE       000E(14)          $$uart_ErrSet$uart
                          CODE       0056(86)          $$uart_startSend$uart
                          CODE       0146(326)         $$uart_init$uart
                          CODE       002A(42)          $$uart_PortClear$uart
                          CODE       0008(8)           $$uart_ErrClr$uart
                          CODE       0006(6)           $$uart_ErrGet$uart
                          CODE       001C(28)          $$uart_stop$uart
                          CODE       0006(6)           $$uart_getTransSize$uart
                          CODE       0042(66)          $$uart_startReceive$uart
     --------------------------------------------------------------
      ULDIVSW
                          CODE       0020(32)          $$uldivu8sw
     --------------------------------------------------------------
      DIV32SW
                          CODE       002E(46)          $$div32u8sw
     --------------------------------------------------------------


Total size (CODE  ) = 00DC0   (3520)
Total size (DATA  ) = 0016B   (363)
Total size (BIT   ) = 00000.0 (0.0)
Total size (NVDATA) = 00000   (0)
Total size (NVBIT ) = 00000.0 (0.0)
Total size (TABLE ) = 0A034   (41012)

          -----------------------
           Symbol Table Synopsis
          -----------------------

Module         Value     Type         Symbol
------         -----     ----------   ------
i2c
               00:05C0   Pub CODE     _i2c_stop
               00:08AC   Pub CODE     _i2c_continue
               00:0D5E   Pub CODE     _i2c_startSend
               00:03DE   Pub CODE     _i2c_init
               00:EFD4   Loc DATA     __gsCtrlParam

Module         Value     Type         Symbol
------         -----     ----------   ------
irq
               00:0138   Loc CODE     __intCMP1INT
               00:0B62   Loc CODE     __intT32HINT
               00:015C   Loc CODE     __intCMP0INT
               00:0178   Loc CODE     __intTM8INT
               00:0194   Loc CODE     __intTM9INT
               00:0C0C   Loc CODE     __intT128HINT
               00:02EA   Loc CODE     __intT2HINT
               00:0CB2   Loc CODE     __intI2CMINT
               00:0C28   Loc CODE     __intWDTINT
               00:0100   Loc CODE     __intPA0INT
               00:01E4   Loc CODE     __intTMAINT
               00:011C   Loc CODE     __intPA1INT
               00:0C96   Loc CODE     __intSIO0INT
               00:0C7A   Loc CODE     __intI2CSINT
               00:0BF0   Loc CODE     __intSADINT
               00:00C8   Loc CODE     __intPB0INT
               00:05EE   Loc CODE     __branchHdr
               00:01B0   Loc CODE     __intTMEINT
               00:00E4   Loc CODE     __intPB1INT
               00:0C5E   Loc CODE     __intTMBINT
               00:0B46   Loc CODE     __intPA2INT
               00:00AC   Loc CODE     __intT16HINT
               00:0C42   Loc CODE     __intTMFINT
               00:0B0E   Loc CODE     __intPB2INT
               00:0B2A   Loc CODE     __intPB3INT
               00:0504   Loc CODE     __intPWDINT
               00:0520   Loc CODE     __intPWEINT
               00:05A4   Loc CODE     __intPWCINT
               00:0264   Loc CODE     __intUA0INT
               00:0006   Loc CODE     __intUndefHdr
               00:0280   Loc CODE     __intUA1INT
               00:053C   Loc CODE     __intPWFINT
               00:0B7E   Loc CODE     __intVLSINT
               00:061E   Pub CODE     _irq_init
               00:02E2   Pub CODE     _irq_di
               00:02E6   Pub CODE     _irq_ei
               00:02B0   Pub CODE     _irq_setHdr
               00:0306   Loc CODE     __intNullHdr
               00:EF96   Loc DATA     __sIrqHdr

Module         Value     Type         Symbol
------         -----     ----------   ------
main
               00:0BBA   Pub CODE     _IRLED_PWM
               00:029C   Pub CODE     _main_clrWDT
               00:0154   Pub CODE     _main_reqNotHalt
               00:05F8   Pub CODE     _main
               00:0200   Pub CODE     _PortD_Low
               00:01CC   Pub CODE     _NOP1000
               00:0678   Pub CODE     _PortC_Low
               00:031A   Pub CODE     _PortB_Low
               00:0558   Pub CODE     _PortA_Low
               00:077C   Loc CODE     _Initialization
               00:08A0   Loc CODE     __intI2c
               00:0B9A   Loc CODE     _SetOSC
               00:0308   Loc CODE     __funcI2CFin
               00:EFE8   Loc DATA     _SIN1_DATA
               00:EFEA   Loc DATA     _SIN3_DATA
               00:EFEC   Loc DATA     _SIN5_DATA
               00:EFEE   Loc DATA     _SIN7_DATA
               00:EFF0   Loc DATA     _SIN9_DATA
               00:EFE6   Loc DATA     _CNT_CAL
               00:EFE4   Loc DATA     _BU21072Address
               00:EFF1   Loc DATA     _LEDDrive_LED_CH
               00:EFE7   Loc DATA     _SIN0_DATA
               00:EFE9   Loc DATA     _SIN2_DATA
               00:EFEB   Loc DATA     _SIN4_DATA
               00:EFED   Loc DATA     _SIN6_DATA
               00:EFEF   Loc DATA     _SIN8_DATA
               00:EFF2   Loc DATA     _LEDDrive_LED_CH_Contents
               00:EFE5   Loc DATA     _CNT

Module         Value     Type         Symbol
------         -----     ----------   ------
ml610112
              0000EFFF   Loc NUMBER   NEAR_RAM_END
              0000E000   Loc NUMBER   NEAR_RAM_START
               00:0CF0   Loc CODE     __wdtcounter_clear
              000000FF   Loc NUMBER   _$$WINVAL
               00:7FFF   Loc TABLE    _$$ROMWINEND
               00:0CD2   Loc CODE     $begin
               00:0000   Loc TABLE    _$$ROMWINSTART
               00:0D04   Loc CODE     __init_loop
               00:0D50   Loc CODE     __init_end
               00:0CD0   Loc CODE     $$brk_reset
               00:0D10   Loc CODE     __skip
               00:0D2C   Loc CODE     __init_loop2
               00:0D3E   Loc CODE     __loop_by_byte
               00:0CE0   Loc CODE     __near_ram_loop
               00:0CCE   Pub CODE     $$start_up


Module         Value     Type         Symbol
------         -----     ----------   ------
tbc

Module         Value     Type         Symbol
------         -----     ----------   ------
timer

Module         Value     Type         Symbol
------         -----     ----------   ------
uart
               00:EF94   Loc DATA     __Err_Status
               00:EFF4   Loc DATA     __gsCtrlParam

End of mapfile.
