RLU8 Object Linker, Ver.1.51.2 Linkage Information
[Tue Aug 05 14:43:34 2014]


                         ------------------
                          Control Synopsis
                         ------------------

I/O controls:    D  SD NS NA
Other controls: CC STACK( 0100H(256) )
                COMB( $$content_of_init $$end_of_init )
                COMB( $$init_info $$init_info_end )



                        ------------------------
                         Object Module Synopsis
                        ------------------------
                                                                Creator
Module Name           File Name                                 CCU8     RASU8
-----------           ---------                                 -----    -----
i2c                   _output\_obj\i2c.obj                      3.41     1.61
irq                   _output\_obj\irq.obj                      3.41     1.61
main                  _output\_obj\main.obj                     3.41     1.61
ml610112              _output\_obj\ml610112.obj                 -.--     1.61
tbc                   _output\_obj\tbc.obj                      3.41     1.61
timer                 _output\_obj\timer.obj                    3.41     1.61
uart                  _output\_obj\uart.obj                     3.41     1.61
ULDIVSW               C:\PROGRA~2\U8Dev\Lib\longu8.lib          -.--     1.04
DIV32SW               C:\PROGRA~2\U8Dev\Lib\longu8.lib          -.--     1.04
UIDIVSW               C:\PROGRA~2\U8Dev\Lib\longu8.lib          -.--     1.04
CIDIMOSW              C:\PROGRA~2\U8Dev\Lib\longu8.lib          -.--     1.04


Number of Modules: 11

Number of Symbols:
 +---------------------------------------------------------------------------+
 |          | CODE | DATA | BIT  |NVDATA|NVBIT |TABLE |NUMBER| TBIT || total |
 |----------+------+------+------+------+------+------+------+------++-------|
 | SEGMENT  |    90|     4|     0|     0|     0|     6|      |      ||    100|
 |----------+------+------+------+------+------+------+------+------++-------|
 | COMMUNAL |     0|     2|     0|     0|     0|     0|      |      ||      2|
 |----------+------+------+------+------+------+------+------+------++-------|
 | PUBLIC   |    44|     0|     0|     0|     0|     0|     0|     0||     44|
 +---------------------------------------------------------------------------+

Target:  ML610112 
Model:   SMALL


Memory Map - Program memory space #0:
      Type     Start      Stop
     -----------------------------
      ROM      00:0000    00:7FFF

Memory Map - Data memory space #0:
      Type     Start      Stop
     -----------------------------
      RAM      00:E000    00:FFFF

Memory Map - Memory space above #1:
      Type     Start      Stop
     -----------------------------
      ROM      02:0000    02:0FFF
      ROM      08:0000    08:7FFF
      ROM      0A:0000    0A:0FFF

                         ------------------
                          Segment Synopsis
                         ------------------

Link Map - Program memory space #0 ( ROMWINDOW: 0000 - 7FFF )

      Type     Start      Stop       Size              Name
     -------------------------------------------------------
      S CODE   00:0000    00:0001    0002(2)           (absolute)
      S CODE   00:0002    00:0003    0002(2)           (absolute)
      S CODE   00:0004    00:0005    0002(2)           (absolute)
      S CODE   00:0006    00:0007    0002(2)           $$_intUndefHdr$irq
      S CODE   00:0008    00:0009    0002(2)           (absolute)
      S CODE   00:000A    00:000A    0000(0)           $$content_of_init
      S CODE   00:000A    00:000B    0002(2)           $$end_of_init
      S CODE   00:000C    00:0077    006C(108)         (absolute)
      S TABLE  00:0078    00:00A5    002E(46)          $$NINITTAB
      S TABLE  00:00A6    00:00AD    0008(8)           $$init_info
      S TABLE  00:00AE    00:00AF    0002(2)           $$init_info_end
      S CODE   00:00B0    00:00CB    001C(28)          $$_intT16HINT$irq
      S CODE   00:00CC    00:00E7    001C(28)          $$_intPB0INT$irq
      S CODE   00:00E8    00:0103    001C(28)          $$_intPB1INT$irq
      S CODE   00:0104    00:011F    001C(28)          $$_intPA0INT$irq
      S CODE   00:0120    00:013B    001C(28)          $$_intPA1INT$irq
      S CODE   00:013C    00:0157    001C(28)          $$_intCMP1INT$irq
      S CODE   00:0158    00:015F    0008(8)           $$main_reqNotHalt$main
      S CODE   00:0160    00:017B    001C(28)          $$_intCMP0INT$irq
      S CODE   00:017C    00:0197    001C(28)          $$_intTM8INT$irq
      S CODE   00:0198    00:01B3    001C(28)          $$_intTM9INT$irq
      S CODE   00:01B4    00:01CF    001C(28)          $$_intTMEINT$irq
      S CODE   00:01D0    00:01D1    0002(2)           $$NOP1000$main
      S CODE   00:01D2    00:01ED    001C(28)          $$_intTMAINT$irq
      S CODE   00:01EE    00:0251    0064(100)         $$PortD_Low$main
      S CODE   00:0252    00:026D    001C(28)          $$_intUA0INT$irq
      S CODE   00:026E    00:0289    001C(28)          $$_intUA1INT$irq
      S CODE   00:028A    00:029D    0014(20)          $$NOPx$main
      S CODE   00:029E    00:0321    0084(132)         $$i2c_startReceive$i2c
      S CODE   00:0322    00:0335    0014(20)          $$main_clrWDT$main
      S CODE   00:0336    00:0367    0032(50)          $$irq_setHdr$irq
      S CODE   00:0368    00:036B    0004(4)           $$irq_di$irq
      S CODE   00:036C    00:036F    0004(4)           $$irq_ei$irq
      S CODE   00:0370    00:038B    001C(28)          $$_intT2HINT$irq
      S CODE   00:038C    00:038D    0002(2)           $$_intNullHdr$irq
      S CODE   00:038E    00:039F    0012(18)          $$_funcI2CFin$main
      S CODE   00:03A0    00:0463    00C4(196)         $$PortB_Low$main
      S CODE   00:0464    00:0589    0126(294)         $$i2c_init$i2c
      S CODE   00:058A    00:05A5    001C(28)          $$_intPWDINT$irq
      S CODE   00:05A6    00:05C1    001C(28)          $$_intPWEINT$irq
      S CODE   00:05C2    00:05DD    001C(28)          $$_intPWFINT$irq
      S CODE   00:05DE    00:0629    004C(76)          $$PortA_Low$main
      S CODE   00:062A    00:0645    001C(28)          $$_intPWCINT$irq
      S CODE   00:0646    00:0673    002E(46)          $$i2c_stop$i2c
      S CODE   00:0674    00:067D    000A(10)          $$_branchHdr$irq
      S CODE   00:067E    00:06F9    007C(124)         $$main$main
      S CODE   00:06FA    00:0753    005A(90)          $$irq_init$irq
      S CODE   00:0754    00:0817    00C4(196)         $$PortC_Low$main
      S CODE   00:0818    00:0857    0040(64)          $$cidimou8sw
      S CODE   00:0858    00:09FB    01A4(420)         $$Initialization$main
      S CODE   00:09FC    00:0A07    000C(12)          $$uidivu8sw
      S CODE   00:0A08    00:0A13    000C(12)          $$_intI2c$main
      S CODE   00:0A14    00:0C75    0262(610)         $$i2c_continue$i2c
      S CODE   00:0C76    00:0C91    001C(28)          $$_intPB2INT$irq
      S CODE   00:0C92    00:0CAD    001C(28)          $$_intPB3INT$irq
      S CODE   00:0CAE    00:0CC9    001C(28)          $$_intPA2INT$irq
      S CODE   00:0CCA    00:0CE5    001C(28)          $$_intT32HINT$irq
      S CODE   00:0CE6    00:0D01    001C(28)          $$_intVLSINT$irq
      S CODE   00:0D02    00:0D21    0020(32)          $$SetOSC$main
      S CODE   00:0D22    00:0D57    0036(54)          $$IRLED_PWM$main
      S CODE   00:0D58    00:0D73    001C(28)          $$_intSADINT$irq
      S CODE   00:0D74    00:0D8F    001C(28)          $$_intT128HINT$irq
      S CODE   00:0D90    00:0DA9    001A(26)          $$_intWDTINT$irq
      S CODE   00:0DAA    00:0DC5    001C(28)          $$_intTMFINT$irq
      S CODE   00:0DC6    00:0DE1    001C(28)          $$_intTMBINT$irq
      S CODE   00:0DE2    00:0DFD    001C(28)          $$_intI2CSINT$irq
      S CODE   00:0DFE    00:0E19    001C(28)          $$_intSIO0INT$irq
      S CODE   00:0E1A    00:0E35    001C(28)          $$_intI2CMINT$irq
      S CODE   00:0E36    00:0EC5    0090(144)         $$NCODml610112sw
      S CODE   00:0EC6    00:0F3B    0076(118)         $$i2c_startSend$i2c
>GAP<          00:0F3C    00:7FDF    70A4(28836)       (ROM)
      S CODE   00:7FE0    00:7FFF    0020(32)          (absolute)


Link Map - Data memory space #0

      Type     Start      Stop       Size              Name
     -------------------------------------------------------
      Q ROMWIN 00:0000    00:7FFF    8000(32768)       (ROMWIN)
>GAP<          00:E000.0  00:EE8F.7  0E90.0(3728.0)    (RAM)
      S DATA   00:EE90    00:EF8F    0100(256)         $STACK
      S DATA   00:EF90    00:EF90    0001(1)           $$NVARuart
>GAP<          00:EF91.0  00:EF91.7  0001.0(1.0)       (RAM)
      S DATA   00:EF92    00:EFCF    003E(62)          $$NVARirq
      S DATA   00:EFD0    00:EFFD    002E(46)          $$NINITVAR
      C DATA   00:EFFE    00:EFFE    0001(1)           __reqNotHalt
      C DATA   00:EFFF    00:EFFF    0001(1)           __flgI2CFin
      Q SFR    00:F000    00:FFFF    1000(4096)        (SFR)


Link Map - Memory space above #1

      Type     Start      Stop       Size              Name
     -------------------------------------------------------
 ---
      S TABLE  02:0000    02:0FFF    1000(4096)        (absolute)
 ---
      S TABLE  08:0000    08:7FFF    8000(32768)       (absolute)
 ---
      S TABLE  0A:0000    0A:0FFF    1000(4096)        (absolute)


Not Linked segments:

      Module Name         Type       Size              Segment Name 
     --------------------------------------------------------------
      i2c
                          CODE       0006(6)           $$i2c_getTransSize$i2c
                          CODE       0012(18)          $$i2c_checkIRQ$i2c
                          CODE       0006(6)           $$i2c_clearIRQ$i2c
     --------------------------------------------------------------
      main
                          CODE       000E(14)          $$checkI2C$main
                          CODE       001A(26)          $$analog_comparator$main
                          CODE       0040(64)          $$PortA_Digital_Inputs$main
     --------------------------------------------------------------
      timer
                          CODE       0038(56)          $$tm_init$timer
     --------------------------------------------------------------
      uart
                          CODE       002A(42)          $$uart_PortSet$uart
                          CODE       00F8(248)         $$uart_continue$uart
                          CODE       0006(6)           $$uart_clearIRQ$uart
                          CODE       0012(18)          $$uart_checkIRQ$uart
                          CODE       000E(14)          $$uart_ErrSet$uart
                          CODE       0056(86)          $$uart_startSend$uart
                          CODE       0146(326)         $$uart_init$uart
                          CODE       002A(42)          $$uart_PortClear$uart
                          CODE       0008(8)           $$uart_ErrClr$uart
                          CODE       0006(6)           $$uart_ErrGet$uart
                          CODE       001C(28)          $$uart_stop$uart
                          CODE       0006(6)           $$uart_getTransSize$uart
                          CODE       0042(66)          $$uart_startReceive$uart
     --------------------------------------------------------------
      ULDIVSW
                          CODE       0020(32)          $$uldivu8sw
     --------------------------------------------------------------
      DIV32SW
                          CODE       002E(46)          $$div32u8sw
     --------------------------------------------------------------


Total size (CODE  ) = 00F24   (3876)
Total size (DATA  ) = 0016F   (367)
Total size (BIT   ) = 00000.0 (0.0)
Total size (NVDATA) = 00000   (0)
Total size (NVBIT ) = 00000.0 (0.0)
Total size (TABLE ) = 0A038   (41016)

          -----------------------
           Symbol Table Synopsis
          -----------------------

Module         Value     Type         Symbol
------         -----     ----------   ------
i2c
               00:0646   Pub CODE     _i2c_stop
               00:029E   Pub CODE     _i2c_startReceive
               00:0A14   Pub CODE     _i2c_continue
               00:0EC6   Pub CODE     _i2c_startSend
               00:0464   Pub CODE     _i2c_init
               00:EFD0   Loc DATA     __gsCtrlParam

Module         Value     Type         Symbol
------         -----     ----------   ------
irq
               00:013C   Loc CODE     __intCMP1INT
               00:0CCA   Loc CODE     __intT32HINT
               00:0160   Loc CODE     __intCMP0INT
               00:017C   Loc CODE     __intTM8INT
               00:0198   Loc CODE     __intTM9INT
               00:0D74   Loc CODE     __intT128HINT
               00:0370   Loc CODE     __intT2HINT
               00:0E1A   Loc CODE     __intI2CMINT
               00:0D90   Loc CODE     __intWDTINT
               00:0104   Loc CODE     __intPA0INT
               00:01D2   Loc CODE     __intTMAINT
               00:0120   Loc CODE     __intPA1INT
               00:0DFE   Loc CODE     __intSIO0INT
               00:0DE2   Loc CODE     __intI2CSINT
               00:0D58   Loc CODE     __intSADINT
               00:00CC   Loc CODE     __intPB0INT
               00:0674   Loc CODE     __branchHdr
               00:01B4   Loc CODE     __intTMEINT
               00:00E8   Loc CODE     __intPB1INT
               00:0DC6   Loc CODE     __intTMBINT
               00:0CAE   Loc CODE     __intPA2INT
               00:00B0   Loc CODE     __intT16HINT
               00:0DAA   Loc CODE     __intTMFINT
               00:0C76   Loc CODE     __intPB2INT
               00:0C92   Loc CODE     __intPB3INT
               00:058A   Loc CODE     __intPWDINT
               00:05A6   Loc CODE     __intPWEINT
               00:062A   Loc CODE     __intPWCINT
               00:0252   Loc CODE     __intUA0INT
               00:0006   Loc CODE     __intUndefHdr
               00:026E   Loc CODE     __intUA1INT
               00:05C2   Loc CODE     __intPWFINT
               00:0CE6   Loc CODE     __intVLSINT
               00:06FA   Pub CODE     _irq_init
               00:0368   Pub CODE     _irq_di
               00:036C   Pub CODE     _irq_ei
               00:0336   Pub CODE     _irq_setHdr
               00:038C   Loc CODE     __intNullHdr
               00:EF92   Loc DATA     __sIrqHdr

Module         Value     Type         Symbol
------         -----     ----------   ------
main
               00:0D22   Pub CODE     _IRLED_PWM
               00:0322   Pub CODE     _main_clrWDT
               00:0158   Pub CODE     _main_reqNotHalt
               00:028A   Pub CODE     _NOPx
               00:067E   Pub CODE     _main
               00:01EE   Pub CODE     _PortD_Low
               00:01D0   Pub CODE     _NOP1000
               00:0754   Pub CODE     _PortC_Low
               00:03A0   Pub CODE     _PortB_Low
               00:05DE   Pub CODE     _PortA_Low
               00:0858   Loc CODE     _Initialization
               00:0A08   Loc CODE     __intI2c
               00:0D02   Loc CODE     _SetOSC
               00:038E   Loc CODE     __funcI2CFin
               00:EFE8   Loc DATA     _SIN1_DATA
               00:EFEA   Loc DATA     _SIN3_DATA
               00:EFEC   Loc DATA     _SIN5_DATA
               00:EFEE   Loc DATA     _SIN7_DATA
               00:EFF0   Loc DATA     _SIN9_DATA
               00:EFE6   Loc DATA     _KEY3
               00:EFE2   Loc DATA     _CNT_CAL
               00:EFE0   Loc DATA     _BU21072Address
               00:EFE3   Loc DATA     _CNT_CON
               00:EFF1   Loc DATA     _LEDDrive_LED_CH
               00:EFE4   Loc DATA     _CLR_INTERRUPT
               00:EFE7   Loc DATA     _SIN0_DATA
               00:EFE9   Loc DATA     _SIN2_DATA
               00:EFEB   Loc DATA     _SIN4_DATA
               00:EFED   Loc DATA     _SIN6_DATA
               00:EFEF   Loc DATA     _SIN8_DATA
               00:EFF2   Loc DATA     _LEDDrive_LED_CH_Contents
               00:EFE1   Loc DATA     _CNT
               00:EFE5   Loc DATA     _CLR_CAL

Module         Value     Type         Symbol
------         -----     ----------   ------
ml610112
              0000EFFF   Loc NUMBER   NEAR_RAM_END
              0000E000   Loc NUMBER   NEAR_RAM_START
               00:0E58   Loc CODE     __wdtcounter_clear
              000000FF   Loc NUMBER   _$$WINVAL
               00:7FFF   Loc TABLE    _$$ROMWINEND
               00:0E3A   Loc CODE     $begin
               00:0000   Loc TABLE    _$$ROMWINSTART
               00:0E6C   Loc CODE     __init_loop
               00:0EB8   Loc CODE     __init_end
               00:0E38   Loc CODE     $$brk_reset
               00:0E78   Loc CODE     __skip
               00:0E94   Loc CODE     __init_loop2
               00:0EA6   Loc CODE     __loop_by_byte
               00:0E48   Loc CODE     __near_ram_loop
               00:0E36   Pub CODE     $$start_up


Module         Value     Type         Symbol
------         -----     ----------   ------
tbc

Module         Value     Type         Symbol
------         -----     ----------   ------
timer

Module         Value     Type         Symbol
------         -----     ----------   ------
uart
               00:EF90   Loc DATA     __Err_Status
               00:EFF4   Loc DATA     __gsCtrlParam

End of mapfile.
